remote: 
remote: Create a pull request for 'backup/wp/n1-n2-headline-foundations' on GitHub by visiting:        
remote:      https://github.com/nsfwhusnain-coder/A-game-of-thrones-local-game/pull/new/backup/wp/n1-n2-headline-foundations        
remote: 
2026-09-29T02:51:00Z wp/n1-n2-headline-foundations ae5390ec3fd58b799b1fa34d5ecf213727cc8037
remote: 
remote: Create a pull request for 'backup/wp/r1-r3-realm-data' on GitHub by visiting:        
remote:      https://github.com/nsfwhusnain-coder/A-game-of-thrones-local-game/pull/new/backup/wp/r1-r3-realm-data        
remote: 
2026-09-29T02:51:02Z wp/r1-r3-realm-data 9bd545cc4919fce1f7a825df6cd430d6fa14f708
remote: 
remote: Create a pull request for 'backup/wp/u0-the-look' on GitHub by visiting:        
remote:      https://github.com/nsfwhusnain-coder/A-game-of-thrones-local-game/pull/new/backup/wp/u0-the-look        
remote: 
2026-09-29T02:51:04Z wp/u0-the-look ff61db05f3d63c6891d19764b01261c0de69d5b5
remote: 
remote: Create a pull request for 'backup/wp/n3-n4-writer-clusters' on GitHub by visiting:        
remote:      https://github.com/nsfwhusnain-coder/A-game-of-thrones-local-game/pull/new/backup/wp/n3-n4-writer-clusters        
remote: 
2026-09-29T02:51:06Z wp/n3-n4-writer-clusters 6e4c34d319174999dff099cbb62493ccc9fffd82
remote: 
remote: Create a pull request for 'backup/wp/u1-u3-quiet-screen' on GitHub by visiting:        
remote:      https://github.com/nsfwhusnain-coder/A-game-of-thrones-local-game/pull/new/backup/wp/u1-u3-quiet-screen        
remote: 
2026-09-29T02:51:09Z wp/u1-u3-quiet-screen 48fc204e3a54475d832592d5f4f15ab866070347
remote: 
remote: Create a pull request for 'backup/wp/sb-bug-sweep' on GitHub by visiting:        
remote:      https://github.com/nsfwhusnain-coder/A-game-of-thrones-local-game/pull/new/backup/wp/sb-bug-sweep        
remote: 
2026-09-29T02:51:11Z wp/sb-bug-sweep 14f5b1c9fd29f9e1d2ce3902bbebcd336626e29b
fatal: expected 'acknowledgments', received 'packfile'
warning: push negotiation failed; proceeding anyway with push
remote: 
remote: Create a pull request for 'backup/lead-notes' on GitHub by visiting:        
remote:      https://github.com/nsfwhusnain-coder/A-game-of-thrones-local-game/pull/new/backup/lead-notes        
remote: 
2026-09-29T02:50:58Z lead-notes e8c95657422c5a6fce6607d975c0027e81248081
fatal: expected 'acknowledgments', received 'packfile'
warning: push negotiation failed; proceeding anyway with push
2026-09-29T02:51:33Z lead-notes a53d0c47a580043a08faf69539daa64f089dc77c
fatal: expected 'acknowledgments', received 'packfile'
warning: push negotiation failed; proceeding anyway with push
2026-09-29T02:51:45Z lead-notes ecfedfe001f2570f069388416fcaafea16a6e1c9
2026-09-29T03:01:40Z wp/n1-n2-headline-foundations c8ee6a8c3ca01187b45f5d19b6c1b34fb3f89513
2026-09-29T03:01:42Z wp/r1-r3-realm-data c8fa5065c5b644ef57ab13e0522977320f38ceeb
2026-09-29T03:01:45Z wp/n3-n4-writer-clusters 29d5a959ca93e833984a6b3a7ebc9b282c61bb4a
fatal: expected 'acknowledgments', received 'packfile'
warning: push negotiation failed; proceeding anyway with push
2026-09-29T03:01:37Z lead-notes 70a2942b168923292b940f56c93fb1538857708a
fatal: expected 'acknowledgments', received 'packfile'
warning: push negotiation failed; proceeding anyway with push
2026-09-29T03:01:54Z lead-notes 3ea632c889dfdabcb0cf6c086db3571f46f23524
2026-09-29T03:11:51Z wp/r1-r3-realm-data f46945a563c14d4577373c01e28257018ed8c85f
2026-09-29T03:11:53Z wp/n3-n4-writer-clusters 5fea255e20857678db43805259953cd11771778d
fatal: expected 'acknowledgments', received 'packfile'
warning: push negotiation failed; proceeding anyway with push
2026-09-29T03:11:48Z lead-notes b66685d44609b7e7b4093dccb803aa3e9592c7f1
fatal: expected 'acknowledgments', received 'packfile'
warning: push negotiation failed; proceeding anyway with push
2026-09-29T03:21:56Z lead-notes 1eaf9d5966ea9dee596e5e1e57c7f672c3932b1a
fatal: expected 'acknowledgments', received 'packfile'
warning: push negotiation failed; proceeding anyway with push
2026-09-29T03:32:01Z lead-notes 5efde043f54f75ec8a7b6ecf23ec6a2e53e5c8d0
fatal: expected 'acknowledgments', received 'packfile'
warning: push negotiation failed; proceeding anyway with push
2026-09-29T03:42:07Z lead-notes fc8e59225e3ef8b41432fcfec5d865db16d68f71
fatal: expected 'acknowledgments', received 'packfile'
warning: push negotiation failed; proceeding anyway with push
2026-09-29T03:52:12Z lead-notes ab9b1523a2b79568d25d76625059d7ca4cff3cbb
fatal: expected 'acknowledgments', received 'packfile'
warning: push negotiation failed; proceeding anyway with push
2026-09-29T04:02:17Z lead-notes 74762554527951d645db3b2062b90c01bb27b474
fatal: expected 'acknowledgments', received 'packfile'
warning: push negotiation failed; proceeding anyway with push
2026-09-29T04:12:23Z lead-notes 406cd0ca03edda8235737edcd1ae82f1a6a8d308
fatal: expected 'acknowledgments', received 'packfile'
warning: push negotiation failed; proceeding anyway with push
2026-09-29T04:22:28Z lead-notes a6e1acf4b8ae7f271ab9eb94f3a0e10bcdf01256
fatal: expected 'acknowledgments', received 'packfile'
warning: push negotiation failed; proceeding anyway with push
2026-09-29T04:32:33Z lead-notes c7047101783a46827cf451500ee6ae4a91307617
2026-09-29T04:42:42Z wp/r1-r3-realm-data 3061d3edd3dbe10ed9d376d521d86bc015e57caa
fatal: expected 'acknowledgments', received 'packfile'
warning: push negotiation failed; proceeding anyway with push
2026-09-29T04:42:38Z lead-notes 454a8042beb0f0a2dc6e8d3cf2887f1b6ce705b5
2026-09-29T04:52:49Z wp/n3-n4-writer-clusters c38322e0f8b918c60bbabe63654f96f1801d3e08
fatal: expected 'acknowledgments', received 'packfile'
warning: push negotiation failed; proceeding anyway with push
2026-09-29T04:52:46Z lead-notes e2f01b8f099b3b68e4cbe7a0f0ec44a30dfbe245
2026-09-29T05:02:56Z wp/n3-n4-writer-clusters cc160b2f2be4afb8fe59048276756cb32c8e47fa
2026-09-29T05:02:58Z wp/u1-u3-quiet-screen dea04089268b53563f6a6e6d8fa71f4c27e8d312
fatal: expected 'acknowledgments', received 'packfile'
warning: push negotiation failed; proceeding anyway with push
2026-09-29T05:02:52Z lead-notes c3cb137bb2871746ba8fd31a489d6260b636b5a0
remote: 
remote: Create a pull request for 'backup/wp/handoff-nur' on GitHub by visiting:        
remote:      https://github.com/nsfwhusnain-coder/A-game-of-thrones-local-game/pull/new/backup/wp/handoff-nur        
remote: 
2026-09-29T05:13:04Z wp/handoff-nur 4cfd996d38ee34465e8adf76cf349d7a47223dc9
